Microsoft Windows [Version 10.0.19043.2006]
(c) Microsoft Corporation. All rights reserved.

C:\Users\capev>cd prueba

C:\Users\capev\prueba>vagrant status
Current machine states:

clienteUbuntu             running (virtualbox)
servidorUbuntu            running (virtualbox)

This environment represents multiple VMs. The VMs are all listed
above with their current state. For more information about a specific
VM, run `vagrant status NAME`.

C:\Users\capev\prueba>vagrant ssh clienteUbuntu
Welcome to Ubuntu 20.04.4 LTS (GNU/Linux 5.4.0-110-generic x86_64)

 * Documentation:  https://help.ubuntu.com
 * Management:     https://landscape.canonical.com
 * Support:        https://ubuntu.com/advantage

  System information as of Thu 06 Oct 2022 09:25:04 PM UTC

  System load:  0.0                Processes:             120
  Usage of /:   11.9% of 30.63GB   Users logged in:       0
  Memory usage: 21%                IPv4 address for eth0: 10.0.2.15
  Swap usage:   0%                 IPv4 address for eth1: 192.168.100.2


This system is built by the Bento project by Chef Software
More information can be found at https://github.com/chef/bento
vagrant@clienteUbuntu:~$ sudo -i
root@clienteUbuntu:~# apt-get install net-tools
Reading package lists... Done
Building dependency tree
Reading state information... Done
The following NEW packages will be installed:
  net-tools
0 upgraded, 1 newly installed, 0 to remove and 0 not upgraded.
Need to get 196 kB of archives.
After this operation, 864 kB of additional disk space will be used.
Get:1 http://in.archive.ubuntu.com/ubuntu focal/main amd64 net-tools amd64 1.60+git20180626.aebd88e-1ubuntu1 [196 kB]
Fetched 196 kB in 11s (18.2 kB/s)
Selecting previously unselected package net-tools.
(Reading database ... 41035 files and directories currently installed.)
Preparing to unpack .../net-tools_1.60+git20180626.aebd88e-1ubuntu1_amd64.deb ...
Unpacking net-tools (1.60+git20180626.aebd88e-1ubuntu1) ...
Setting up net-tools (1.60+git20180626.aebd88e-1ubuntu1) ...
Processing triggers for man-db (2.9.1-1) ...
root@clienteUbuntu:~# apt-get install vim
Reading package lists... Done
Building dependency tree
Reading state information... Done
vim is already the newest version (2:8.1.2269-1ubuntu5.7).
0 upgraded, 0 newly installed, 0 to remove and 0 not upgraded.
root@clienteUbuntu:~# ifconfig
eth0: flags=4163<UP,BROADCAST,RUNNING,MULTICAST>  mtu 1500
        inet 10.0.2.15  netmask 255.255.255.0  broadcast 10.0.2.255
        inet6 fe80::a00:27ff:fea2:6bfd  prefixlen 64  scopeid 0x20<link>
        ether 08:00:27:a2:6b:fd  txqueuelen 1000  (Ethernet)
        RX packets 100791  bytes 149920736 (149.9 MB)
        RX errors 0  dropped 0  overruns 0  frame 0
        TX packets 8469  bytes 658702 (658.7 KB)
        TX errors 0  dropped 0 overruns 0  carrier 0  collisions 0

eth1: flags=4163<UP,BROADCAST,RUNNING,MULTICAST>  mtu 1500
        inet 192.168.100.2  netmask 255.255.255.0  broadcast 192.168.100.255
        inet6 fe80::a00:27ff:fe6e:2f84  prefixlen 64  scopeid 0x20<link>
        ether 08:00:27:6e:2f:84  txqueuelen 1000  (Ethernet)
        RX packets 12  bytes 1596 (1.5 KB)
        RX errors 0  dropped 0  overruns 0  frame 0
        TX packets 17  bytes 1326 (1.3 KB)
        TX errors 0  dropped 0 overruns 0  carrier 0  collisions 0

lo: flags=73<UP,LOOPBACK,RUNNING>  mtu 65536
        inet 127.0.0.1  netmask 255.0.0.0
        inet6 ::1  prefixlen 128  scopeid 0x10<host>
        loop  txqueuelen 1000  (Local Loopback)
        RX packets 105  bytes 10209 (10.2 KB)
        RX errors 0  dropped 0  overruns 0  frame 0
        TX packets 105  bytes 10209 (10.2 KB)
        TX errors 0  dropped 0 overruns 0  carrier 0  collisions 0

root@clienteUbuntu:~# ping 192.168.100.3
PING 192.168.100.3 (192.168.100.3) 56(84) bytes of data.
64 bytes from 192.168.100.3: icmp_seq=1 ttl=64 time=2.73 ms
64 bytes from 192.168.100.3: icmp_seq=2 ttl=64 time=1.71 ms
64 bytes from 192.168.100.3: icmp_seq=3 ttl=64 time=1.11 ms
64 bytes from 192.168.100.3: icmp_seq=4 ttl=64 time=0.528 ms
64 bytes from 192.168.100.3: icmp_seq=5 ttl=64 time=0.820 ms
64 bytes from 192.168.100.3: icmp_seq=6 ttl=64 time=0.884 ms
64 bytes from 192.168.100.3: icmp_seq=7 ttl=64 time=0.535 ms
64 bytes from 192.168.100.3: icmp_seq=8 ttl=64 time=0.644 ms
64 bytes from 192.168.100.3: icmp_seq=9 ttl=64 time=0.832 ms
64 bytes from 192.168.100.3: icmp_seq=10 ttl=64 time=0.615 ms
64 bytes from 192.168.100.3: icmp_seq=11 ttl=64 time=0.475 ms
64 bytes from 192.168.100.3: icmp_seq=12 ttl=64 time=0.628 ms
64 bytes from 192.168.100.3: icmp_seq=13 ttl=64 time=0.756 ms
64 bytes from 192.168.100.3: icmp_seq=14 ttl=64 time=0.687 ms
64 bytes from 192.168.100.3: icmp_seq=15 ttl=64 time=0.456 ms
64 bytes from 192.168.100.3: icmp_seq=16 ttl=64 time=0.605 ms
64 bytes from 192.168.100.3: icmp_seq=17 ttl=64 time=0.566 ms
64 bytes from 192.168.100.3: icmp_seq=18 ttl=64 time=0.430 ms
64 bytes from 192.168.100.3: icmp_seq=19 ttl=64 time=0.579 ms
64 bytes from 192.168.100.3: icmp_seq=20 ttl=64 time=0.939 ms
64 bytes from 192.168.100.3: icmp_seq=21 ttl=64 time=0.686 ms
64 bytes from 192.168.100.3: icmp_seq=22 ttl=64 time=0.517 ms
64 bytes from 192.168.100.3: icmp_seq=23 ttl=64 time=0.514 ms
64 bytes from 192.168.100.3: icmp_seq=24 ttl=64 time=0.493 ms
64 bytes from 192.168.100.3: icmp_seq=25 ttl=64 time=0.611 ms
64 bytes from 192.168.100.3: icmp_seq=26 ttl=64 time=0.734 ms
64 bytes from 192.168.100.3: icmp_seq=27 ttl=64 time=0.535 ms
64 bytes from 192.168.100.3: icmp_seq=28 ttl=64 time=0.516 ms
64 bytes from 192.168.100.3: icmp_seq=29 ttl=64 time=0.623 ms
64 bytes from 192.168.100.3: icmp_seq=30 ttl=64 time=0.480 ms
64 bytes from 192.168.100.3: icmp_seq=31 ttl=64 time=0.535 ms
64 bytes from 192.168.100.3: icmp_seq=32 ttl=64 time=0.610 ms
64 bytes from 192.168.100.3: icmp_seq=33 ttl=64 time=0.812 ms
64 bytes from 192.168.100.3: icmp_seq=34 ttl=64 time=1.06 ms
64 bytes from 192.168.100.3: icmp_seq=35 ttl=64 time=0.634 ms
64 bytes from 192.168.100.3: icmp_seq=36 ttl=64 time=0.404 ms
64 bytes from 192.168.100.3: icmp_seq=37 ttl=64 time=0.387 ms
64 bytes from 192.168.100.3: icmp_seq=38 ttl=64 time=0.489 ms
64 bytes from 192.168.100.3: icmp_seq=39 ttl=64 time=0.437 ms
64 bytes from 192.168.100.3: icmp_seq=40 ttl=64 time=0.517 ms
64 bytes from 192.168.100.3: icmp_seq=41 ttl=64 time=0.412 ms
64 bytes from 192.168.100.3: icmp_seq=42 ttl=64 time=0.567 ms
64 bytes from 192.168.100.3: icmp_seq=43 ttl=64 time=0.518 ms
64 bytes from 192.168.100.3: icmp_seq=44 ttl=64 time=0.925 ms
64 bytes from 192.168.100.3: icmp_seq=45 ttl=64 time=0.568 ms
64 bytes from 192.168.100.3: icmp_seq=46 ttl=64 time=0.535 ms
64 bytes from 192.168.100.3: icmp_seq=47 ttl=64 time=0.970 ms
64 bytes from 192.168.100.3: icmp_seq=48 ttl=64 time=0.421 ms
64 bytes from 192.168.100.3: icmp_seq=49 ttl=64 time=0.502 ms
64 bytes from 192.168.100.3: icmp_seq=50 ttl=64 time=0.714 ms
64 bytes from 192.168.100.3: icmp_seq=51 ttl=64 time=0.432 ms
64 bytes from 192.168.100.3: icmp_seq=52 ttl=64 time=0.424 ms
64 bytes from 192.168.100.3: icmp_seq=53 ttl=64 time=0.500 ms
64 bytes from 192.168.100.3: icmp_seq=54 ttl=64 time=0.915 ms
64 bytes from 192.168.100.3: icmp_seq=55 ttl=64 time=0.427 ms
64 bytes from 192.168.100.3: icmp_seq=56 ttl=64 time=0.569 ms
64 bytes from 192.168.100.3: icmp_seq=57 ttl=64 time=0.513 ms
64 bytes from 192.168.100.3: icmp_seq=58 ttl=64 time=0.488 ms
64 bytes from 192.168.100.3: icmp_seq=59 ttl=64 time=0.571 ms
64 bytes from 192.168.100.3: icmp_seq=60 ttl=64 time=0.599 ms
64 bytes from 192.168.100.3: icmp_seq=61 ttl=64 time=0.636 ms
64 bytes from 192.168.100.3: icmp_seq=62 ttl=64 time=0.531 ms
64 bytes from 192.168.100.3: icmp_seq=63 ttl=64 time=0.898 ms
64 bytes from 192.168.100.3: icmp_seq=64 ttl=64 time=0.474 ms
64 bytes from 192.168.100.3: icmp_seq=65 ttl=64 time=0.521 ms
64 bytes from 192.168.100.3: icmp_seq=66 ttl=64 time=0.525 ms
64 bytes from 192.168.100.3: icmp_seq=67 ttl=64 time=0.455 ms
64 bytes from 192.168.100.3: icmp_seq=68 ttl=64 time=0.480 ms
64 bytes from 192.168.100.3: icmp_seq=69 ttl=64 time=0.485 ms
64 bytes from 192.168.100.3: icmp_seq=70 ttl=64 time=0.607 ms
64 bytes from 192.168.100.3: icmp_seq=71 ttl=64 time=1.52 ms
64 bytes from 192.168.100.3: icmp_seq=72 ttl=64 time=0.460 ms
64 bytes from 192.168.100.3: icmp_seq=73 ttl=64 time=0.458 ms
64 bytes from 192.168.100.3: icmp_seq=74 ttl=64 time=0.432 ms
64 bytes from 192.168.100.3: icmp_seq=75 ttl=64 time=0.449 ms
64 bytes from 192.168.100.3: icmp_seq=76 ttl=64 time=0.658 ms
64 bytes from 192.168.100.3: icmp_seq=77 ttl=64 time=0.612 ms
64 bytes from 192.168.100.3: icmp_seq=78 ttl=64 time=0.780 ms
64 bytes from 192.168.100.3: icmp_seq=79 ttl=64 time=0.924 ms
64 bytes from 192.168.100.3: icmp_seq=80 ttl=64 time=1.03 ms
64 bytes from 192.168.100.3: icmp_seq=81 ttl=64 time=0.560 ms
64 bytes from 192.168.100.3: icmp_seq=82 ttl=64 time=1.77 ms
64 bytes from 192.168.100.3: icmp_seq=83 ttl=64 time=0.548 ms
64 bytes from 192.168.100.3: icmp_seq=84 ttl=64 time=0.410 ms
64 bytes from 192.168.100.3: icmp_seq=85 ttl=64 time=0.441 ms
64 bytes from 192.168.100.3: icmp_seq=86 ttl=64 time=1.06 ms
64 bytes from 192.168.100.3: icmp_seq=87 ttl=64 time=1.04 ms
64 bytes from 192.168.100.3: icmp_seq=88 ttl=64 time=0.858 ms
64 bytes from 192.168.100.3: icmp_seq=89 ttl=64 time=0.528 ms
64 bytes from 192.168.100.3: icmp_seq=90 ttl=64 time=0.845 ms
64 bytes from 192.168.100.3: icmp_seq=91 ttl=64 time=0.630 ms
64 bytes from 192.168.100.3: icmp_seq=92 ttl=64 time=0.550 ms
64 bytes from 192.168.100.3: icmp_seq=93 ttl=64 time=0.637 ms
64 bytes from 192.168.100.3: icmp_seq=94 ttl=64 time=0.631 ms
64 bytes from 192.168.100.3: icmp_seq=95 ttl=64 time=0.851 ms
64 bytes from 192.168.100.3: icmp_seq=96 ttl=64 time=0.826 ms
64 bytes from 192.168.100.3: icmp_seq=97 ttl=64 time=0.909 ms
64 bytes from 192.168.100.3: icmp_seq=98 ttl=64 time=0.647 ms
64 bytes from 192.168.100.3: icmp_seq=99 ttl=64 time=0.564 ms
64 bytes from 192.168.100.3: icmp_seq=100 ttl=64 time=0.458 ms
64 bytes from 192.168.100.3: icmp_seq=101 ttl=64 time=0.407 ms
64 bytes from 192.168.100.3: icmp_seq=102 ttl=64 time=0.475 ms
64 bytes from 192.168.100.3: icmp_seq=103 ttl=64 time=0.466 ms
64 bytes from 192.168.100.3: icmp_seq=104 ttl=64 time=0.477 ms
64 bytes from 192.168.100.3: icmp_seq=105 ttl=64 time=0.483 ms
64 bytes from 192.168.100.3: icmp_seq=106 ttl=64 time=0.529 ms
64 bytes from 192.168.100.3: icmp_seq=107 ttl=64 time=0.970 ms
64 bytes from 192.168.100.3: icmp_seq=108 ttl=64 time=1.12 ms
64 bytes from 192.168.100.3: icmp_seq=109 ttl=64 time=0.505 ms
64 bytes from 192.168.100.3: icmp_seq=110 ttl=64 time=0.635 ms
64 bytes from 192.168.100.3: icmp_seq=111 ttl=64 time=0.501 ms
64 bytes from 192.168.100.3: icmp_seq=112 ttl=64 time=0.520 ms
64 bytes from 192.168.100.3: icmp_seq=113 ttl=64 time=0.430 ms
64 bytes from 192.168.100.3: icmp_seq=114 ttl=64 time=0.479 ms
64 bytes from 192.168.100.3: icmp_seq=115 ttl=64 time=0.536 ms
64 bytes from 192.168.100.3: icmp_seq=116 ttl=64 time=0.488 ms
64 bytes from 192.168.100.3: icmp_seq=117 ttl=64 time=0.553 ms
64 bytes from 192.168.100.3: icmp_seq=118 ttl=64 time=0.887 ms
64 bytes from 192.168.100.3: icmp_seq=119 ttl=64 time=0.505 ms
64 bytes from 192.168.100.3: icmp_seq=120 ttl=64 time=0.514 ms
64 bytes from 192.168.100.3: icmp_seq=121 ttl=64 time=0.468 ms
64 bytes from 192.168.100.3: icmp_seq=122 ttl=64 time=0.740 ms
64 bytes from 192.168.100.3: icmp_seq=123 ttl=64 time=0.415 ms
64 bytes from 192.168.100.3: icmp_seq=124 ttl=64 time=0.514 ms
64 bytes from 192.168.100.3: icmp_seq=125 ttl=64 time=0.411 ms
64 bytes from 192.168.100.3: icmp_seq=126 ttl=64 time=1.12 ms
64 bytes from 192.168.100.3: icmp_seq=127 ttl=64 time=0.613 ms
64 bytes from 192.168.100.3: icmp_seq=128 ttl=64 time=0.727 ms
64 bytes from 192.168.100.3: icmp_seq=129 ttl=64 time=1.08 ms
64 bytes from 192.168.100.3: icmp_seq=130 ttl=64 time=0.506 ms
64 bytes from 192.168.100.3: icmp_seq=131 ttl=64 time=0.549 ms
64 bytes from 192.168.100.3: icmp_seq=132 ttl=64 time=0.461 ms
64 bytes from 192.168.100.3: icmp_seq=133 ttl=64 time=0.527 ms
64 bytes from 192.168.100.3: icmp_seq=134 ttl=64 time=0.540 ms
64 bytes from 192.168.100.3: icmp_seq=135 ttl=64 time=0.690 ms
64 bytes from 192.168.100.3: icmp_seq=136 ttl=64 time=0.455 ms
64 bytes from 192.168.100.3: icmp_seq=137 ttl=64 time=0.510 ms
64 bytes from 192.168.100.3: icmp_seq=138 ttl=64 time=0.844 ms
64 bytes from 192.168.100.3: icmp_seq=139 ttl=64 time=0.546 ms
64 bytes from 192.168.100.3: icmp_seq=140 ttl=64 time=0.586 ms
64 bytes from 192.168.100.3: icmp_seq=141 ttl=64 time=1.00 ms
64 bytes from 192.168.100.3: icmp_seq=142 ttl=64 time=0.469 ms
64 bytes from 192.168.100.3: icmp_seq=143 ttl=64 time=0.432 ms
64 bytes from 192.168.100.3: icmp_seq=144 ttl=64 time=0.498 ms
64 bytes from 192.168.100.3: icmp_seq=145 ttl=64 time=0.780 ms
64 bytes from 192.168.100.3: icmp_seq=146 ttl=64 time=0.552 ms
64 bytes from 192.168.100.3: icmp_seq=147 ttl=64 time=0.425 ms
64 bytes from 192.168.100.3: icmp_seq=148 ttl=64 time=0.883 ms
64 bytes from 192.168.100.3: icmp_seq=149 ttl=64 time=0.611 ms
64 bytes from 192.168.100.3: icmp_seq=150 ttl=64 time=0.481 ms
64 bytes from 192.168.100.3: icmp_seq=151 ttl=64 time=0.459 ms
64 bytes from 192.168.100.3: icmp_seq=152 ttl=64 time=0.460 ms
64 bytes from 192.168.100.3: icmp_seq=153 ttl=64 time=0.941 ms
64 bytes from 192.168.100.3: icmp_seq=154 ttl=64 time=0.627 ms
64 bytes from 192.168.100.3: icmp_seq=155 ttl=64 time=0.498 ms
64 bytes from 192.168.100.3: icmp_seq=156 ttl=64 time=0.531 ms
64 bytes from 192.168.100.3: icmp_seq=157 ttl=64 time=0.631 ms
64 bytes from 192.168.100.3: icmp_seq=158 ttl=64 time=0.462 ms
64 bytes from 192.168.100.3: icmp_seq=159 ttl=64 time=0.526 ms
64 bytes from 192.168.100.3: icmp_seq=160 ttl=64 time=0.998 ms
64 bytes from 192.168.100.3: icmp_seq=161 ttl=64 time=0.644 ms
64 bytes from 192.168.100.3: icmp_seq=162 ttl=64 time=0.551 ms
64 bytes from 192.168.100.3: icmp_seq=163 ttl=64 time=0.539 ms
64 bytes from 192.168.100.3: icmp_seq=164 ttl=64 time=1.80 ms
64 bytes from 192.168.100.3: icmp_seq=165 ttl=64 time=2.97 ms
64 bytes from 192.168.100.3: icmp_seq=166 ttl=64 time=0.574 ms
64 bytes from 192.168.100.3: icmp_seq=167 ttl=64 time=0.505 ms
64 bytes from 192.168.100.3: icmp_seq=168 ttl=64 time=0.595 ms
64 bytes from 192.168.100.3: icmp_seq=169 ttl=64 time=0.590 ms
64 bytes from 192.168.100.3: icmp_seq=170 ttl=64 time=0.468 ms
64 bytes from 192.168.100.3: icmp_seq=171 ttl=64 time=0.537 ms
64 bytes from 192.168.100.3: icmp_seq=172 ttl=64 time=0.980 ms
64 bytes from 192.168.100.3: icmp_seq=173 ttl=64 time=1.06 ms
64 bytes from 192.168.100.3: icmp_seq=174 ttl=64 time=0.484 ms
64 bytes from 192.168.100.3: icmp_seq=175 ttl=64 time=1.10 ms
64 bytes from 192.168.100.3: icmp_seq=176 ttl=64 time=1.34 ms
64 bytes from 192.168.100.3: icmp_seq=177 ttl=64 time=0.460 ms
64 bytes from 192.168.100.3: icmp_seq=178 ttl=64 time=0.347 ms
64 bytes from 192.168.100.3: icmp_seq=179 ttl=64 time=0.517 ms
64 bytes from 192.168.100.3: icmp_seq=180 ttl=64 time=0.464 ms
64 bytes from 192.168.100.3: icmp_seq=181 ttl=64 time=1.08 ms
64 bytes from 192.168.100.3: icmp_seq=182 ttl=64 time=0.565 ms
64 bytes from 192.168.100.3: icmp_seq=183 ttl=64 time=0.658 ms
64 bytes from 192.168.100.3: icmp_seq=184 ttl=64 time=0.695 ms
64 bytes from 192.168.100.3: icmp_seq=185 ttl=64 time=1.04 ms
64 bytes from 192.168.100.3: icmp_seq=186 ttl=64 time=0.866 ms
64 bytes from 192.168.100.3: icmp_seq=187 ttl=64 time=0.405 ms
64 bytes from 192.168.100.3: icmp_seq=188 ttl=64 time=0.506 ms
64 bytes from 192.168.100.3: icmp_seq=189 ttl=64 time=0.445 ms
64 bytes from 192.168.100.3: icmp_seq=190 ttl=64 time=0.530 ms
64 bytes from 192.168.100.3: icmp_seq=191 ttl=64 time=0.454 ms
64 bytes from 192.168.100.3: icmp_seq=192 ttl=64 time=0.495 ms
64 bytes from 192.168.100.3: icmp_seq=193 ttl=64 time=1.16 ms
64 bytes from 192.168.100.3: icmp_seq=194 ttl=64 time=0.682 ms
64 bytes from 192.168.100.3: icmp_seq=195 ttl=64 time=0.747 ms
^Z
[1]+  Stopped                 ping 192.168.100.3
root@clienteUbuntu:~# ping -c 10 192.168.100.3
PING 192.168.100.3 (192.168.100.3) 56(84) bytes of data.
64 bytes from 192.168.100.3: icmp_seq=1 ttl=64 time=0.721 ms
64 bytes from 192.168.100.3: icmp_seq=2 ttl=64 time=0.633 ms
64 bytes from 192.168.100.3: icmp_seq=3 ttl=64 time=0.828 ms
64 bytes from 192.168.100.3: icmp_seq=4 ttl=64 time=0.992 ms
64 bytes from 192.168.100.3: icmp_seq=5 ttl=64 time=0.557 ms
64 bytes from 192.168.100.3: icmp_seq=6 ttl=64 time=0.394 ms
64 bytes from 192.168.100.3: icmp_seq=7 ttl=64 time=0.468 ms
64 bytes from 192.168.100.3: icmp_seq=8 ttl=64 time=0.619 ms
64 bytes from 192.168.100.3: icmp_seq=9 ttl=64 time=0.640 ms
64 bytes from 192.168.100.3: icmp_seq=10 ttl=64 time=0.670 ms

--- 192.168.100.3 ping statistics ---
10 packets transmitted, 10 received, 0% packet loss, time 9251ms
rtt min/avg/max/mdev = 0.394/0.652/0.992/0.162 ms
root@clienteUbuntu:~# pwd
/root
root@clienteUbuntu:~# cd ~
root@clienteUbuntu:~# mkdir temp
root@clienteUbuntu:~# cd temp
root@clienteUbuntu:~/temp# cd ~
root@clienteUbuntu:~# mkdir temp/stuff
root@clienteUbuntu:~# mkdir temp/stuff/things
root@clienteUbuntu:~# mkdir -p temp/stuff/things/orange/apple/pear/grape
root@clienteUbuntu:~# cd temp
root@clienteUbuntu:~/temp# cd stuff
root@clienteUbuntu:~/temp/stuff# cd things
root@clienteUbuntu:~/temp/stuff/things# cd orange
root@clienteUbuntu:~/temp/stuff/things/orange# cd apple
root@clienteUbuntu:~/temp/stuff/things/orange/apple# cd pear
root@clienteUbuntu:~/temp/stuff/things/orange/apple/pear# cd grape
root@clienteUbuntu:~/temp/stuff/things/orange/apple/pear/grape# cd..
-bash: cd..: command not found
root@clienteUbuntu:~/temp/stuff/things/orange/apple/pear/grape# cd ..
root@clienteUbuntu:~/temp/stuff/things/orange/apple/pear# cd ..
root@clienteUbuntu:~/temp/stuff/things/orange/apple# cd ..
root@clienteUbuntu:~/temp/stuff/things/orange# cd ..
root@clienteUbuntu:~/temp/stuff/things# cd ..
root@clienteUbuntu:~/temp/stuff# cd ../../..
root@clienteUbuntu:/# pwd
/
root@clienteUbuntu:/# cd root
root@clienteUbuntu:~# pwd
/root
root@clienteUbuntu:~# cd temp
root@clienteUbuntu:~/temp# ls
stuff
root@clienteUbuntu:~/temp# cd stuff
root@clienteUbuntu:~/temp/stuff# ls
things
root@clienteUbuntu:~/temp/stuff# cd things
root@clienteUbuntu:~/temp/stuff/things# ls
orange
root@clienteUbuntu:~/temp/stuff/things# cd orange
root@clienteUbuntu:~/temp/stuff/things/orange# ls
apple
root@clienteUbuntu:~/temp/stuff/things/orange# cd apple
root@clienteUbuntu:~/temp/stuff/things/orange/apple# ls
pear
root@clienteUbuntu:~/temp/stuff/things/orange/apple# cd pear
root@clienteUbuntu:~/temp/stuff/things/orange/apple/pear# ls
grape
root@clienteUbuntu:~/temp/stuff/things/orange/apple/pear# cd grape
root@clienteUbuntu:~/temp/stuff/things/orange/apple/pear/grape# ls
root@clienteUbuntu:~/temp/stuff/things/orange/apple/pear/grape# cd .
root@clienteUbuntu:~/temp/stuff/things/orange/apple/pear/grape# cd ..
root@clienteUbuntu:~/temp/stuff/things/orange/apple/pear# ls
grape
root@clienteUbuntu:~/temp/stuff/things/orange/apple/pear# cd ..
root@clienteUbuntu:~/temp/stuff/things/orange/apple# ls
pear
root@clienteUbuntu:~/temp/stuff/things/orange/apple# cd ../..
root@clienteUbuntu:~/temp/stuff/things# ls
orange
root@clienteUbuntu:~/temp/stuff/things# cd ../..
root@clienteUbuntu:~/temp# ls
stuff
root@clienteUbuntu:~/temp# cd ../..
root@clienteUbuntu:/# ls
bin  boot  dev  etc  home  lib  lib32  lib64  libx32  lost+found  media  mnt  opt  proc  root  run  sbin  snap  srv  swap.img  sys  tmp  usr  vagrant  var
root@clienteUbuntu:/# cd ..
root@clienteUbuntu:/# ls
bin  boot  dev  etc  home  lib  lib32  lib64  libx32  lost+found  media  mnt  opt  proc  root  run  sbin  snap  srv  swap.img  sys  tmp  usr  vagrant  var
root@clienteUbuntu:/# cd root
root@clienteUbuntu:~# cd temp
root@clienteUbuntu:~/temp# ls
stuff
root@clienteUbuntu:~/temp# cd stuff/things/orange/apple/pear/grape/
root@clienteUbuntu:~/temp/stuff/things/orange/apple/pear/grape# cd ..
root@clienteUbuntu:~/temp/stuff/things/orange/apple/pear# rmdir grape
root@clienteUbuntu:~/temp/stuff/things/orange/apple/pear# cd ..
root@clienteUbuntu:~/temp/stuff/things/orange/apple# ls
pear
root@clienteUbuntu:~/temp/stuff/things/orange/apple# rmdir pear
root@clienteUbuntu:~/temp/stuff/things/orange/apple# rmdir pear
rmdir: failed to remove 'pear': No such file or directory
root@clienteUbuntu:~/temp/stuff/things/orange/apple# ls
root@clienteUbuntu:~/temp/stuff/things/orange/apple# rmdir apple
rmdir: failed to remove 'apple': No such file or directory
root@clienteUbuntu:~/temp/stuff/things/orange/apple# cd ..
root@clienteUbuntu:~/temp/stuff/things/orange# rmdir apple
root@clienteUbuntu:~/temp/stuff/things/orange# cd ..
root@clienteUbuntu:~/temp/stuff/things# ls
orange
root@clienteUbuntu:~/temp/stuff/things# rmdir orange
root@clienteUbuntu:~/temp/stuff/things# ls
root@clienteUbuntu:~/temp/stuff/things# cd ..
root@clienteUbuntu:~/temp/stuff# ls
things
root@clienteUbuntu:~/temp/stuff# rmdir things
root@clienteUbuntu:~/temp/stuff# cd ..
root@clienteUbuntu:~/temp# ls
stuff
root@clienteUbuntu:~/temp# rmdir stuff
root@clienteUbuntu:~/temp# pwd
/root/temp
root@clienteUbuntu:~/temp# mkdir -p i/like/icecream
root@clienteUbuntu:~/temp# pushd i/like/icecream
~/temp/i/like/icecream ~/temp
root@clienteUbuntu:~/temp/i/like/icecream# popd
~/temp
root@clienteUbuntu:~/temp# pwd
/root/temp
root@clienteUbuntu:~/temp# pushd i/like
~/temp/i/like ~/temp
root@clienteUbuntu:~/temp/i/like# pwd
/root/temp/i/like
root@clienteUbuntu:~/temp/i/like# pushd icecream
~/temp/i/like/icecream ~/temp/i/like ~/temp
root@clienteUbuntu:~/temp/i/like/icecream# popd
~/temp/i/like ~/temp
root@clienteUbuntu:~/temp/i/like# pwd
/root/temp/i/like
root@clienteUbuntu:~/temp/i/like# popd
~/temp
root@clienteUbuntu:~/temp# pushd i/like/icecream
~/temp/i/like/icecream ~/temp
root@clienteUbuntu:~/temp/i/like/icecream# pwd
/root/temp/i/like/icecream
root@clienteUbuntu:~/temp/i/like/icecream# pushd
~/temp ~/temp/i/like/icecream
root@clienteUbuntu:~/temp# pwd
/root/temp
root@clienteUbuntu:~/temp# pushd
~/temp/i/like/icecream ~/temp
root@clienteUbuntu:~/temp/i/like/icecream# pwd
/root/temp/i/like/icecream
root@clienteUbuntu:~/temp/i/like/icecream# cd ../../..
root@clienteUbuntu:~/temp# touch iamcool.txt
root@clienteUbuntu:~/temp# ls
i  iamcool.txt
root@clienteUbuntu:~/temp# cd temp
-bash: cd: temp: No such file or directory
root@clienteUbuntu:~/temp# cp iamcool.txt neat.txt
root@clienteUbuntu:~/temp# ls
i  iamcool.txt  neat.txt
root@clienteUbuntu:~/temp# cp neat.txt awesome.txt
root@clienteUbuntu:~/temp# ls
awesome.txt  i  iamcool.txt  neat.txt
root@clienteUbuntu:~/temp# cp awesome.txt thefourthfile.txt
root@clienteUbuntu:~/temp# ls
awesome.txt  i  iamcool.txt  neat.txt  thefourthfile.txt
root@clienteUbuntu:~/temp# mkdir something
root@clienteUbuntu:~/temp# cd awesome.txt something/
-bash: cd: too many arguments
root@clienteUbuntu:~/temp# cp awesome.txt something/
root@clienteUbuntu:~/temp# ls
awesome.txt  i  iamcool.txt  neat.txt  something  thefourthfile.txt
root@clienteUbuntu:~/temp# ls something/
awesome.txt
root@clienteUbuntu:~/temp# cp -r something newplace
root@clienteUbuntu:~/temp# ls
awesome.txt  i  iamcool.txt  neat.txt  newplace  something  thefourthfile.txt
root@clienteUbuntu:~/temp# ls newplace/
awesome.txt
root@clienteUbuntu:~/temp# mv awesome.txt uncool.txt
root@clienteUbuntu:~/temp# ls
i  iamcool.txt  neat.txt  newplace  something  thefourthfile.txt  uncool.txt
root@clienteUbuntu:~/temp# mv newplace oldplace
root@clienteUbuntu:~/temp# ls
i  iamcool.txt  neat.txt  oldplace  something  thefourthfile.txt  uncool.txt
root@clienteUbuntu:~/temp# mv oldplace newplace
root@clienteUbuntu:~/temp# ls
i  iamcool.txt  neat.txt  newplace  something  thefourthfile.txt  uncool.txt
root@clienteUbuntu:~/temp# less test.txt
test.txt: No such file or directory
root@clienteUbuntu:~/temp# touch test.txt
root@clienteUbuntu:~/temp# less test.txt

[2]+  Stopped                 less test.txt
root@clienteUbuntu:~/temp# more test.txt
root@clienteUbuntu:~/temp# ls
i  iamcool.txt  neat.txt  newplace  something  test.txt  thefourthfile.txt  uncool.txt
root@clienteUbuntu:~/temp# more test.txt
root@clienteUbuntu:~/temp# less test.txt

[3]+  Stopped                 less test.txt
root@clienteUbuntu:~/temp# more test.txt
root@clienteUbuntu:~/temp# less test2.txt
test2.txt: No such file or directory
root@clienteUbuntu:~/temp# touch test2.txt
root@clienteUbuntu:~/temp# less test2.txt

[4]+  Stopped                 less test2.txt
root@clienteUbuntu:~/temp# car test2.txt
-bash: car: command not found
root@clienteUbuntu:~/temp# cat test2.txt
root@clienteUbuntu:~/temp# cat test2.txt
root@clienteUbuntu:~/temp# less test2.txt

[5]+  Stopped                 less test2.txt
root@clienteUbuntu:~/temp# less test2.txt

[6]+  Stopped                 less test2.txt
root@clienteUbuntu:~/temp# cd..
-bash: cd..: command not found
root@clienteUbuntu:~/temp# cd ..
root@clienteUbuntu:~# less test2.txt
test2.txt: No such file or directory
root@clienteUbuntu:~# touch test2.txt
root@clienteUbuntu:~# less test2.txt

[7]+  Stopped                 less test2.txt
root@clienteUbuntu:~# cat test2.txt
root@clienteUbuntu:~# cat -n test2.txt
root@clienteUbuntu:~# cat -v test2.txt
root@clienteUbuntu:~# cd temp
root@clienteUbuntu:~/temp# ls
i  iamcool.txt  neat.txt  newplace  something  test2.txt  test.txt  thefourthfile.txt  uncool.txt
root@clienteUbuntu:~/temp# rm uncool.txt
root@clienteUbuntu:~/temp# ls
i  iamcool.txt  neat.txt  newplace  something  test2.txt  test.txt  thefourthfile.txt
root@clienteUbuntu:~/temp# rm iamcool.txt neat.txt thefourthfile.txt
root@clienteUbuntu:~/temp# ls
i  newplace  something  test2.txt  test.txt
root@clienteUbuntu:~/temp# cp -r something newplace
root@clienteUbuntu:~/temp# ls
i  newplace  something  test2.txt  test.txt
root@clienteUbuntu:~/temp# rm something/awesome.txt
root@clienteUbuntu:~/temp# rm dir something
rm: cannot remove 'dir': No such file or directory
rm: cannot remove 'something': Is a directory
root@clienteUbuntu:~/temp# rmdir something
root@clienteUbuntu:~/temp# rm -rf newplace
root@clienteUbuntu:~/temp# ls
i  test2.txt  test.txt
root@clienteUbuntu:~/temp# rm test2.txt
root@clienteUbuntu:~/temp# rm test.txt
root@clienteUbuntu:~/temp# exit
logout
There are stopped jobs.
root@clienteUbuntu:~/temp#